12:40:21 **** Incremental Build of configuration Debug for project 001_register_clock_configuration ****
make -j8 all 
arm-none-eabi-gcc "../Core/Src/main.c" -mcpu=cortex-m4 -std=gnu11 -g3 -DDEBUG -DUSE_HAL_DRIVER -DSTM32F407xx -c -I../Core/Inc -I../Drivers/STM32F4xx_HAL_Driver/Inc -I../Drivers/STM32F4xx_HAL_Driver/Inc/Legacy -I../Drivers/CMSIS/Device/ST/STM32F4xx/Include -I../Drivers/CMSIS/Include -O0 -ffunction-sections -fdata-sections -Wall -fstack-usage -fcyclomatic-complexity -MMD -MP -MF"Core/Src/main.d" -MT"Core/Src/main.o" --specs=nano.specs -mfpu=fpv4-sp-d16 -mfloat-abi=hard -mthumb -o "Core/Src/main.o"
arm-none-eabi-gcc -o "001_register_clock_configuration.elf" @"objects.list"   -mcpu=cortex-m4 -T"C:\Users\LENOVO\STM32CubeIDE\workspace_1.12.0\001_register_clock_configuration\STM32F407VGTX_FLASH.ld" --specs=nosys.specs -Wl,-Map="001_register_clock_configuration.map" -Wl,--gc-sections -static --specs=nano.specs -mfpu=fpv4-sp-d16 -mfloat-abi=hard -mthumb -Wl,--start-group -lc -lm -Wl,--end-group
Finished building target: 001_register_clock_configuration.elf
 
arm-none-eabi-size   001_register_clock_configuration.elf 
arm-none-eabi-objdump -h -S  001_register_clock_configuration.elf  > "001_register_clock_configuration.list"
   text	   data	    bss	    dec	    hex	filename
   4672	     20	   1572	   6264	   1878	001_register_clock_configuration.elf
Finished building: default.size.stdout
 
Finished building: 001_register_clock_configuration.list
 

12:40:23 Build Finished. 0 errors, 0 warnings. (took 2s.447ms)

