14:34:33 **** Incremental Build of configuration Debug for project 007_10_HAL_TIM_SLAVE_TRIGGER_MODE_EXT ****
make -j8 all 
arm-none-eabi-gcc "../Core/Src/main.c" -mcpu=cortex-m4 -std=gnu11 -g3 -DDEBUG -DUSE_HAL_DRIVER -DSTM32F407xx -c -I../Core/Inc -I../Drivers/STM32F4xx_HAL_Driver/Inc -I../Drivers/STM32F4xx_HAL_Driver/Inc/Legacy -I../Drivers/CMSIS/Device/ST/STM32F4xx/Include -I../Drivers/CMSIS/Include -O0 -ffunction-sections -fdata-sections -Wall -fstack-usage -fcyclomatic-complexity -MMD -MP -MF"Core/Src/main.d" -MT"Core/Src/main.o" --specs=nano.specs -mfpu=fpv4-sp-d16 -mfloat-abi=hard -mthumb -o "Core/Src/main.o"
arm-none-eabi-gcc -o "007_10_HAL_TIM_SLAVE_TRIGGER_MODE_EXT.elf" @"objects.list"   -mcpu=cortex-m4 -T"C:\Users\LENOVO\STM32CubeIDE\workspace_1.12.0\007_10_HAL_TIM_SLAVE_TRIGGER_MODE_EXT\STM32F407VGTX_FLASH.ld" --specs=nosys.specs -Wl,-Map="007_10_HAL_TIM_SLAVE_TRIGGER_MODE_EXT.map" -Wl,--gc-sections -static --specs=nano.specs -mfpu=fpv4-sp-d16 -mfloat-abi=hard -mthumb -Wl,--start-group -lc -lm -Wl,--end-group
Finished building target: 007_10_HAL_TIM_SLAVE_TRIGGER_MODE_EXT.elf
 
arm-none-eabi-size   007_10_HAL_TIM_SLAVE_TRIGGER_MODE_EXT.elf 
arm-none-eabi-objdump -h -S  007_10_HAL_TIM_SLAVE_TRIGGER_MODE_EXT.elf  > "007_10_HAL_TIM_SLAVE_TRIGGER_MODE_EXT.list"
   text	   data	    bss	    dec	    hex	filename
   8868	     20	   1644	  10532	   2924	007_10_HAL_TIM_SLAVE_TRIGGER_MODE_EXT.elf
Finished building: default.size.stdout
 
Finished building: 007_10_HAL_TIM_SLAVE_TRIGGER_MODE_EXT.list
 

14:34:35 Build Finished. 0 errors, 0 warnings. (took 1s.606ms)

