12:31:30 **** Incremental Build of configuration Debug for project 007_14_PWM_SERVO_MOTOR_CONTROL_WITH_ADC ****
make -j8 all 
arm-none-eabi-gcc "../Core/Src/main.c" -mcpu=cortex-m4 -std=gnu11 -g3 -DDEBUG -DUSE_HAL_DRIVER -DSTM32F407xx -c -I../Core/Inc -I../Drivers/STM32F4xx_HAL_Driver/Inc -I../Drivers/STM32F4xx_HAL_Driver/Inc/Legacy -I../Drivers/CMSIS/Device/ST/STM32F4xx/Include -I../Drivers/CMSIS/Include -O0 -ffunction-sections -fdata-sections -Wall -fstack-usage -fcyclomatic-complexity -MMD -MP -MF"Core/Src/main.d" -MT"Core/Src/main.o" --specs=nano.specs -mfpu=fpv4-sp-d16 -mfloat-abi=hard -mthumb -o "Core/Src/main.o"
arm-none-eabi-gcc -o "007_14_PWM_SERVO_MOTOR_CONTROL_WITH_ADC.elf" @"objects.list"   -mcpu=cortex-m4 -T"C:\Users\LENOVO\STM32CubeIDE\workspace_1.12.0\007_14_PWM_SERVO_MOTOR_CONTROL_WITH_ADC\STM32F407VGTX_FLASH.ld" --specs=nosys.specs -Wl,-Map="007_14_PWM_SERVO_MOTOR_CONTROL_WITH_ADC.map" -Wl,--gc-sections -static --specs=nano.specs -mfpu=fpv4-sp-d16 -mfloat-abi=hard -mthumb -Wl,--start-group -lc -lm -Wl,--end-group
Finished building target: 007_14_PWM_SERVO_MOTOR_CONTROL_WITH_ADC.elf
 
arm-none-eabi-size   007_14_PWM_SERVO_MOTOR_CONTROL_WITH_ADC.elf 
arm-none-eabi-objdump -h -S  007_14_PWM_SERVO_MOTOR_CONTROL_WITH_ADC.elf  > "007_14_PWM_SERVO_MOTOR_CONTROL_WITH_ADC.list"
   text	   data	    bss	    dec	    hex	filename
  12980	     20	   1820	  14820	   39e4	007_14_PWM_SERVO_MOTOR_CONTROL_WITH_ADC.elf
Finished building: default.size.stdout
 
Finished building: 007_14_PWM_SERVO_MOTOR_CONTROL_WITH_ADC.list
 

12:31:32 Build Finished. 0 errors, 0 warnings. (took 1s.469ms)

