14:32:37 **** Incremental Build of configuration Debug for project 008_3_HAL_ADC_WITH_DMA ****
make -j8 all 
arm-none-eabi-gcc "../Core/Src/main.c" -mcpu=cortex-m4 -std=gnu11 -g3 -DDEBUG -DUSE_HAL_DRIVER -DSTM32F407xx -c -I../Core/Inc -I../Drivers/STM32F4xx_HAL_Driver/Inc -I../Drivers/STM32F4xx_HAL_Driver/Inc/Legacy -I../Drivers/CMSIS/Device/ST/STM32F4xx/Include -I../Drivers/CMSIS/Include -O0 -ffunction-sections -fdata-sections -Wall -fstack-usage -fcyclomatic-complexity -MMD -MP -MF"Core/Src/main.d" -MT"Core/Src/main.o" --specs=nano.specs -mfpu=fpv4-sp-d16 -mfloat-abi=hard -mthumb -o "Core/Src/main.o"
arm-none-eabi-gcc -o "008_3_HAL_ADC_WITH_DMA.elf" @"objects.list"   -mcpu=cortex-m4 -T"C:\Users\LENOVO\STM32CubeIDE\workspace_1.12.0\008_3_HAL_ADC_WITH_DMA\STM32F407VGTX_FLASH.ld" --specs=nosys.specs -Wl,-Map="008_3_HAL_ADC_WITH_DMA.map" -Wl,--gc-sections -static --specs=nano.specs -mfpu=fpv4-sp-d16 -mfloat-abi=hard -mthumb -Wl,--start-group -lc -lm -Wl,--end-group
Finished building target: 008_3_HAL_ADC_WITH_DMA.elf
 
arm-none-eabi-size   008_3_HAL_ADC_WITH_DMA.elf 
arm-none-eabi-objdump -h -S  008_3_HAL_ADC_WITH_DMA.elf  > "008_3_HAL_ADC_WITH_DMA.list"
   text	   data	    bss	    dec	    hex	filename
  10236	     20	   1748	  12004	   2ee4	008_3_HAL_ADC_WITH_DMA.elf
Finished building: default.size.stdout
 
Finished building: 008_3_HAL_ADC_WITH_DMA.list
 

14:32:39 Build Finished. 0 errors, 0 warnings. (took 1s.472ms)

