15:28:04 **** Incremental Build of configuration Debug for project 009_4_HAL_USART_SEND_DATA ****
make -j8 all 
arm-none-eabi-gcc "../Core/Src/main.c" -mcpu=cortex-m4 -std=gnu11 -g3 -DDEBUG -DUSE_HAL_DRIVER -DSTM32F407xx -c -I../Core/Inc -I../Drivers/STM32F4xx_HAL_Driver/Inc -I../Drivers/STM32F4xx_HAL_Driver/Inc/Legacy -I../Drivers/CMSIS/Device/ST/STM32F4xx/Include -I../Drivers/CMSIS/Include -O0 -ffunction-sections -fdata-sections -Wall -fstack-usage -fcyclomatic-complexity -MMD -MP -MF"Core/Src/main.d" -MT"Core/Src/main.o" --specs=nano.specs -mfpu=fpv4-sp-d16 -mfloat-abi=hard -mthumb -o "Core/Src/main.o"
../Core/Src/main.c: In function 'main':
../Core/Src/main.c:97:48: warning: implicit declaration of function 'sprintf' [-Wimplicit-function-declaration]
   97 |   HAL_UART_Transmit(&huart3,(uint8_t*)tx_buff, sprintf(tx_buff,"hello word\n"), 100);
      |                                                ^~~~~~~
../Core/Src/main.c:97:48: warning: incompatible implicit declaration of built-in function 'sprintf'
../Core/Src/main.c:25:1: note: include '<stdio.h>' or provide a declaration of 'sprintf'
   24 | #include "string.h"
  +++ |+#include <stdio.h>
   25 | 
arm-none-eabi-gcc -o "009_4_HAL_USART_SEND_DATA.elf" @"objects.list"   -mcpu=cortex-m4 -T"C:\Users\LENOVO\STM32CubeIDE\workspace_1.12.0\009_4_HAL_USART_SEND_DATA\STM32F407VGTX_FLASH.ld" --specs=nosys.specs -Wl,-Map="009_4_HAL_USART_SEND_DATA.map" -Wl,--gc-sections -static --specs=nano.specs -mfpu=fpv4-sp-d16 -mfloat-abi=hard -mthumb -Wl,--start-group -lc -lm -Wl,--end-group
Finished building target: 009_4_HAL_USART_SEND_DATA.elf
 
arm-none-eabi-size   009_4_HAL_USART_SEND_DATA.elf 
arm-none-eabi-objdump -h -S  009_4_HAL_USART_SEND_DATA.elf  > "009_4_HAL_USART_SEND_DATA.list"
   text	   data	    bss	    dec	    hex	filename
  10464	    120	   1712	  12296	   3008	009_4_HAL_USART_SEND_DATA.elf
Finished building: default.size.stdout
 
Finished building: 009_4_HAL_USART_SEND_DATA.list
 

15:28:05 Build Finished. 0 errors, 2 warnings. (took 891ms)

